// Jest Snapshot v1, https://jestjs.io/docs/snapshot-testing

exports[`buildReportEmailHtml — qualitative dispatch freezes the exact legacy qualitative report email bytes: legacy-qualitative-report-email 1`] = `
"<!DOCTYPE html>
<html lang="en">
<head>
<meta charset="utf-8" />
<meta name="viewport" content="width=device-width, initial-scale=1" />
<title>Leadership Vision Alignment</title>
</head>
<body style="margin:0;padding:24px 12px;background:#eef0f4;font-family:'Helvetica Neue', Roboto, Arial, sans-serif;color:#2b2440;">
  <table role="presentation" width="100%" cellpadding="0" cellspacing="0" border="0" style="background:#eef0f4;">
    <tr>
      <td align="center">
        <table role="presentation" width="640" cellpadding="0" cellspacing="0" border="0" style="max-width:640px;width:100%;background:#ffffff;border-radius:16px;overflow:hidden;">
          
  <tr>
    <td style="height:6px;padding:0;font-size:0;line-height:0;background:#f7a600;">&nbsp;</td>
  </tr>
  <tr>
    <td style="padding:0;font-size:0;line-height:0;">
      <table role="presentation" width="100%" cellpadding="0" cellspacing="0" border="0">
        <tr>
          <td width="25%" style="height:4px;background:#f7a600;font-size:0;line-height:0;">&nbsp;</td>
          <td width="25%" style="height:4px;background:#008bd2;font-size:0;line-height:0;">&nbsp;</td>
          <td width="25%" style="height:4px;background:#946b36;font-size:0;line-height:0;">&nbsp;</td>
          <td width="25%" style="height:4px;background:#95c11f;font-size:0;line-height:0;">&nbsp;</td>
        </tr>
      </table>
    </td>
  </tr>
  <tr>
    <td style="background:#522583;background-image:linear-gradient(135deg,#522583,#3d1a63);padding:28px 32px 26px;color:#ffffff;">
      <div style="font-weight:800;letter-spacing:0.04em;font-size:14px;color:#ffffff;margin-bottom:14px;">SCALING UP</div>
      <div style="font-size:21px;font-weight:800;color:#ffffff;line-height:1.2;margin-bottom:4px;">Leadership Vision Alignment</div>
      <div style="font-size:13px;color:#ffffff;opacity:0.85;">Report for Jane Doe &middot; June 17, 2026</div>
      <div style="font-size:13px;color:#ffffff;opacity:0.85;margin-top:4px;">Email: jane@example.com</div>
    </td>
  </tr>
          <tr><td style="padding:22px 32px;font-size:14px;color:#2b2440;line-height:1.55;">Your assessment has been received.</td></tr>
          <tr>
    <td align="center" style="padding:18px 32px 0;">
      <a href="https://scalingup.com" style="display:inline-block;background:#ffffff;color:#522583;border:1px solid #522583;text-decoration:none;font-weight:700;padding:11px 22px;border-radius:11px;font-size:14px;margin:5px;">Learn More →</a>
      <a href="https://scalingup.com/coaches" style="display:inline-block;background:#522583;color:#ffffff;text-decoration:none;font-weight:700;padding:12px 22px;border-radius:11px;font-size:14px;margin:5px;">Talk to your Scaling Up Certified Coach →</a>
    </td>
  </tr>
          <tr>
            <td align="center" style="padding:18px 32px 26px;font-size:11px;color:#6b6480;">June 17, 2026 &middot; Generated by Scaling Up Platform</td>
          </tr>
        </table>
      </td>
    </tr>
  </table>
</body>
</html>"
`;
